// Jest Snapshot v1, https://goo.gl/fbAQLP

exports[`Product Should renders the product correctly 1`] = `
{
  "asFragment": [Function],
  "baseElement": <body>
    <div>
      <div
        class="product_item"
      >
        <div
          class="product_image small"
        >
          <img
            alt="product-image"
            data-nimg="1"
            decoding="async"
            height="375"
            loading="eager"
            src="/_next/image?url=https%3A%2F%2Fexample.com%2Fimage.jpg&w=640&q=75"
            srcset="/_next/image?url=https%3A%2F%2Fexample.com%2Fimage.jpg&w=384&q=75 1x, /_next/image?url=https%3A%2F%2Fexample.com%2Fimage.jpg&w=640&q=75 2x"
            style="color: transparent;"
            width="305"
          />
        </div>
        <div
          class="product_details"
        >
          <h3
            class="product_title"
          >
            Test Product
          </h3>
          <p
            class="product_price"
          >
            $
            9.99
          </p>
        </div>
      </div>
    </div>
  </body>,
  "container": <div>
    <div
      class="product_item"
    >
      <div
        class="product_image small"
      >
        <img
          alt="product-image"
          data-nimg="1"
          decoding="async"
          height="375"
          loading="eager"
          src="/_next/image?url=https%3A%2F%2Fexample.com%2Fimage.jpg&w=640&q=75"
          srcset="/_next/image?url=https%3A%2F%2Fexample.com%2Fimage.jpg&w=384&q=75 1x, /_next/image?url=https%3A%2F%2Fexample.com%2Fimage.jpg&w=640&q=75 2x"
          style="color: transparent;"
          width="305"
        />
      </div>
      <div
        class="product_details"
      >
        <h3
          class="product_title"
        >
          Test Product
        </h3>
        <p
          class="product_price"
        >
          $
          9.99
        </p>
      </div>
    </div>
  </div>,
  "debug": [Function],
  "findAllByAltText": [Function],
  "findAllByDisplayValue": [Function],
  "findAllByLabelText": [Function],
  "findAllByPlaceholderText": [Function],
  "findAllByRole": [Function],
  "findAllByTestId": [Function],
  "findAllByText": [Function],
  "findAllByTitle": [Function],
  "findByAltText": [Function],
  "findByDisplayValue": [Function],
  "findByLabelText": [Function],
  "findByPlaceholderText": [Function],
  "findByRole": [Function],
  "findByTestId": [Function],
  "findByText": [Function],
  "findByTitle": [Function],
  "getAllByAltText": [Function],
  "getAllByDisplayValue": [Function],
  "getAllByLabelText": [Function],
  "getAllByPlaceholderText": [Function],
  "getAllByRole": [Function],
  "getAllByTestId": [Function],
  "getAllByText": [Function],
  "getAllByTitle": [Function],
  "getByAltText": [Function],
  "getByDisplayValue": [Function],
  "getByLabelText": [Function],
  "getByPlaceholderText": [Function],
  "getByRole": [Function],
  "getByTestId": [Function],
  "getByText": [Function],
  "getByTitle": [Function],
  "queryAllByAltText": [Function],
  "queryAllByDisplayValue": [Function],
  "queryAllByLabelText": [Function],
  "queryAllByPlaceholderText": [Function],
  "queryAllByRole": [Function],
  "queryAllByTestId": [Function],
  "queryAllByText": [Function],
  "queryAllByTitle": [Function],
  "queryByAltText": [Function],
  "queryByDisplayValue": [Function],
  "queryByLabelText": [Function],
  "queryByPlaceholderText": [Function],
  "queryByRole": [Function],
  "queryByTestId": [Function],
  "queryByText": [Function],
  "queryByTitle": [Function],
  "rerender": [Function],
  "unmount": [Function],
}
`;
